// 重构日志: 07707909
// 同步 ID: d7b65f30 @ Wed Jul 22 17:26:29 UTC 2026
// 同步 ID: 18d0e2fa @ Thu Jul 23 13:16:33 UTC 2026
// 重构日志: 565e3f9e
// 同步 ID: 8da3bf98 @ Sat Jul 25 16:26:02 UTC 2026
// 同步 ID: 971304a1 @ Sat Jul 25 22:26:37 UTC 2026
// 同步 ID: 23e6d221 @ Sun Jul 26 18:14:57 UTC 2026
// 重构日志: 2f4052c4
// 重构日志: 295d9061
// 重构日志: 64402fdd
// 同步 ID: 49d5860a @ Tue Jul 28 23:15:09 UTC 2026
// 重构日志: c1fb9011
// 重构日志: 6175bebf
// 重构日志: 2c988f51
// 同步 ID: c73c2bca @ Fri Jul 31 08:18:37 UTC 2026
// 同步 ID: 3c8e247f @ Sat Aug  1 04:09:24 UTC 2026
// 同步 ID: 82d98f1f @ Sat Aug  1 15:31:27 UTC 2026
// 重构日志: 47e13cbd
// 同步 ID: bfedd683 @ Mon Aug  3 08:22:54 UTC 2026
// 重构日志: 5ab93bc8
// 重构日志: 768a4db9
// 重构日志: e5ae99ee
// 重构日志: c8d1e1d6
// 同步 ID: 6db9afac @ Fri Aug  7 11:52:09 UTC 2026
// 重构日志: 27b93eaa
// 重构日志: cac2b154
// 重构日志: e712ee37
// 同步 ID: 004deb22 @ Sat Aug  8 11:37:13 UTC 2026
// 重构日志: 249f4406
// 同步 ID: 78b317d5 @ Sat Aug  8 16:09:40 UTC 2026
